To run a command as administrator (user "root"), use "sudo <command>".
See "man sudo_root" for details.

srvanwin@LAPTOP-98J85QIK:~$ mkdir chapter4_tutorial
srvanwin@LAPTOP-98J85QIK:~$ pwd
/home/srvanwin
srvanwin@LAPTOP-98J85QIK:~$ cd chapter4_tutorial/
srvanwin@LAPTOP-98J85QIK:~/chapter4_tutorial$ cd ~
srvanwin@LAPTOP-98J85QIK:~$ pwd
/home/srvanwin
srvanwin@LAPTOP-98J85QIK:~$ cd unix_course_data
srvanwin@LAPTOP-98J85QIK:~/unix_course_data$ ls
MhaptRNASeq.fastq.gz  potato_case_fasta_gene_ids.txt  unix_course_chapter2.tar.gz  unix_course_chapter4.tar.gz
chapter2_old.tar.gz   potato_reference_genome         unix_course_chapter3         unix_course_chapter7.tar.gz
genome_files.tar.gz   unix_course_chapter2            unix_course_chapter3.tar.gz
srvanwin@LAPTOP-98J85QIK:~/unix_course_data$ tar -xzf unix_course_chapter4.tar.gz
srvanwin@LAPTOP-98J85QIK:~/unix_course_data$ ls
MhaptRNASeq.fastq.gz  potato_case_fasta_gene_ids.txt  unix_course_chapter2.tar.gz  unix_course_chapter4
chapter2_old.tar.gz   potato_reference_genome         unix_course_chapter3         unix_course_chapter4.tar.gz
genome_files.tar.gz   unix_course_chapter2            unix_course_chapter3.tar.gz  unix_course_chapter7.tar.gz
srvanwin@LAPTOP-98J85QIK:~/unix_course_data$ cd unix_course_chapter4
srvanwin@LAPTOP-98J85QIK:~/unix_course_data/unix_course_chapter4$ ls
RNAseq_subset.fastq  annotation_subset.gff  cds_subset.fasta
srvanwin@LAPTOP-98J85QIK:~/unix_course_data/unix_course_chapter4$ head RNAseq_subset.fastq
@HWI-ST143:492:C0FVMACXX:6:1101:1413:2211 1:N:0:GTGAAA
GTCGAGAGCGTTTTTTCCCATTCCCCAAAGATGGGTTTCAAATAGCCTGTT
+
?@?DBDDDFCCDFHIJE?GFGH@FHIJJIHAHGHIGIGBBGDGHH8CGHGH
@HWI-ST143:492:C0FVMACXX:6:1101:1671:2190 1:N:0:GTGAAA
CCTGGATATTAAATATTCGACAGTTTTTTCTCGTTCTTCCCTAACGTACGC
+
@?@1AADAF>DF8<B?CBFF1EFEHIHE<G<9C??FFDFGDEFEE;FEFI:
@HWI-ST143:492:C0FVMACXX:6:1101:1704:2227 1:N:0:GTGAAA
CCCCGGTCCTACCATCGTCACCTCGATCCCGAACTCTGGTTCCTACACATG
srvanwin@LAPTOP-98J85QIK:~/unix_course_data/unix_course_chapter4$ head annotation_subset.gff
##gff-version 3
#S. tuberosum Group Phureja DM1-3 Genome Annotation v3.4 on DM V3 super scaffolds.
#Only the transcript that produces the longest peptide sequence among all the alternative isoforms of a gene is included
#seqid  source  type    start   end     score   strand  phase   attributes
ST4.03ch01      BGI     gene    152322  153489  .       .       .       ID=PGSC0003DMG400015133;name="Defensin"
ST4.03ch01      Cufflinks       mRNA    152322  153489  .       -       .       ID=PGSC0003DMT400039136;Parent=PGSC0003DMG400015133;Source_id=RNASEQ26.809.0;Mapping_depth=16.192011;Class=4;name="Defensin"
ST4.03ch01      Cufflinks       exon    153389  153489  .       -       .       ID=PGSC0003DME400103709;Parent=PGSC0003DMT400039136;
ST4.03ch01      Cufflinks       exon    152322  152593  .       -       .       ID=PGSC0003DME400103710;Parent=PGSC0003DMT400039136;
ST4.03ch01      BestORF CDS     152418  152576  .       -       0       ID=PGSC0003DMC400026563;Parent=PGSC0003DMT400039136;
ST4.03ch01      BGI     gene    160379  161885  .       .       .       ID=PGSC0003DMG400015132;name="Defensin J1-2"
srvanwin@LAPTOP-98J85QIK:~/unix_course_data/unix_course_chapter4$ head cds_subset.fasta
>PGSC0003DMC400017652 PGSC0003DMT400025881 CDS
ATGGCTTCTCATGCAGCTTTGGCTTCTTCAAGAATTCCTACAAGCACAAGGCTTCCTTCCAATAAGAACTCCTACTCATTCCCCACACAATGTTTATCCAAGAAATTTGAAGTAGCTGAATTTTCTGGTCTTAGATCAAGTGGATGTGTGACATTTTCCAACAGAGAGTCTTCTTTCTTTGATGTTGTCTCTGCTCAACTCACTCCAAAGACCACAGGATCAGCCCCGGTTAAGGGAGAAACTGTTGCTAAATTGAAGGTTGCTATCAACGGTTTTGGTAGAATTGGTAGGAATTTCCTCCGATGCTGGCATGGTCGCAAAGACTCACCACTTGATGTTGTGGTTGTCAATGACAGTGGCGGTGTCAAGAACGCATCTCACTTGCTAAAGTATGATTCAATGCTGGGAACATTCAAAGCTGATGTCAAAATAGTGGATAATGAAACCATTAGTGTTGATGGAAAGCACATCAAGGTTGTTTCTAGCAGGGATCCCCTCAAGCTTCCTTGGGCTGAACTTGGCATTGACATTGTTATTGAGGGAACCGGTGTGTTTGTTGATGGTCCAGGTGCTGGGAAGCATATCCAAGCTGGTGCCAAGAAAGTTATCATCACTGCACCAGCAAAAGGTGCTGACATTCCAACCTATGTTGTTGGAGTGAACGAGCAAGACTACTCTCATGAGATTGCCAACATCATAAGCAATGCCTCTTGCACCACTAACTGCTTGGCTCCATTTGTGAAAGTCATGGATGAAGAACTTGGAATTGTGAAGGGTACAATGACAACAACTCACTCTTACACCGGAGATCAGAGGCTTCTTGATGCTTCACACCGTGACTTAAGGAGAGCGAGAGCAGCAGCATTAAACATTGTCCCAACCAGCACTGGTGCAGCCAAGGCTGTGTCTTTAGTGCTACCTCAGCTTAAGGGAAAGCTGAATGGCATTGCTCTCCGAGTGCCAACACCTAATGTCTCAGTTGTTGACCTCGTTGTCAACGTTGAGAAGAAAGGAATTACAGCTGAGGATGTGAATGCAGCTTTCAGAAAGGCTGCTGATGGTCCACTGAAAGGCATATTAGATGTGTGTGATGCCCCTCTTGTTTCAGTTGACTTCCGATGCTCTGACGTTTCAGCCACCATCGACTCCTCCTTGACCATGGTCATGGGAGATGATATGGTCAAGGTTATTGCTTGGTATGACAACGAGTGGGGATACAGCCAAAGAGTTGTGGACTTGGCTCATCTAGTAGCAAGCAAATGGCCAGGTGTTGCAGCACCAGGAAGTGGAGACCCATTGGATGAGTTCTGTGAGACAAATCCTTCTGATGAGGAGTGCAAAGTCTATGAATAA
>PGSC0003DMC400024095 PGSC0003DMT400035438 CDS
ATGGAGCATCAACCTTCAGAGGTATGTGACCTAATGCCTTGTAAACTGGACTGGTGTCAACTGAAGTTAAATGGCTGGGTATTTTGGAGCATAAAACACAACGACGAGTTGGAATACCAGCGATCCATTAACTCCATCTTTTCCTATTCTGTTGTTTCCTCCATCTTTCCAACTGAGAAATGGAGGATCCAATCTGTTATGGAGAAAATCATGTGGAATCCAAATATTTCTCTGTTTCAATTCTGGGCACCCATCAAGGTCAATGGATCCACTTTCCTGTCCACTGCGGATCAACCATTTGCTTTCTATAACCAACTTGATAAGAGGCTCTCTTCATACAGGAAGCTCTGTTTAGATACTATGATTCCCATGGACAACAAGGAAATTCCATTTGGTCCCCCTGGACGAGTTTTCTCAAGATACTTGCCAGAATATAACCCCAACGTCCTAAGCTACTCCTCTGCAGAGTTTCCACTGCTTCAAACTGCAATTCCCTTGGGaATTCATTCTTATTATGCATTTCCAGTTTCCAACCTCCATGATGGCCAGTGCCTTGGTGTATTCGAGATTGTATCTACACTACCATATCTCCCTCTTCACACCCTTATTAAGTGGTTGAATTTCGAATCAGTTGGCTTGTACATTCCTAACTCATTGGGCATGCCTTTTGGACCTTCAAAGcggctggatgatgaaagacttggcgatataaaggcCGGGTTATATGAGATCCTTGAAAGACATAGTTTACCCTTTGCTCAAATTTGGATTCCTTTTTCTCTACCTTCCTCTTTGAAAGTCTTGTATCGTGTTGGTGGCTCAATCAATGAACGTGCACAATCAATGTATTATGAGTTTGAATATTCTTCTGAGGTCTGTTTTATTAAGAGTGGCGAGGCATTGGTTGGGAGGGCATTTGCATCCCAAGGTTCATGCTTTTGCAAAGATGTTACTCTATTAAGCATCAATGAGTACCCTGTGTTGCCTACTGCACGAAAAGCTAGATTCACTCACAGTTTTGCAATTTGTTTGCAAAGTAAATGCGCCAACAATTTTGTATGCGTAGTTGAGTACTTTCTGCCAAGCAACGAAATGGCTGTTAGAGATACAAAGACTTTCTTAAACATGCTTTTAACCACAATGAAAGAACTACTTCCAGGTTTCATAGTTGCTTCTGGAAATGAACTAGGGCAGAGGATGCTCGTTGAAGTTGTTAAAGTTTCCCCGAATGATGAACTTGACTCCTTTGAAATTGGCCAAACTCTGCCGAGTGTTCAATCACTTCAGGATGGAGGAGAAACAATAGCAATTGATTCTTTCTATCAAGAGTCAGATTTTATGAAGAAGCTTGTTGATGCTCTTGCACTAGTGATTTCTTCTTGTTCATTAGACAAGTGTGACTCACTCAACTGTGAAGGGACAGTGGAAGTTGATCCGTCACTGCCTCATCCAATAGAGGAAGCTGTGACAAACAGAGGAACgGTTAACGTGGATGTAGCACATGATGACCACATTGAGGATACAAGTGAAATGATGCAACTTGATTCACACTTTGAGCAACCAAATTTAGAAATTAATTCTGTAGGCGCAAGGAGTAATGACACAGTGGAGCATAGGGATTTTAGTTATGCAAGACAATCGGTTGAAGCTGAAGCTATAAACAGAGAAAACAACTTTGTCAGTGGAGCAATGACTAACAACGAGAAAATCCATTCACAGAAGAACAACGAATTACGAAGGATAGAAAAAGATCATGGGATTACTCGCGAGACTTTGGAGCAGCAATATGGCACGCTTCTTAAAGATGCTGCCAAAAATCTAGGTGGTAAGTTCACTAACTTTAGCGCATTTGAGATTCGTAATtctttttgtgttattatatatgatgtacgctcatatgccttTAACCGGAATGATTTATGCATAGGTTCACTGAAATCCCTTTTGTGGACTTCtTTTATTGCAGTTAGTCGAGCAACACTAAAACGGATATGTAGAGTATATGAAATCACTAGATGGCCAAaTCATAAGACTAGAAAGGTTAATGTCCATGTTAGCCATgGCGTATCTTTTCAAGGTGCTGAACCATATGTGGGCGATCAACAATGTCCTGCTCTTTCCCAAGAAAAAGGCATCAAATATTTGGGTAACAAAAGATCTCCTGCAACAGGAGTATCTCGTGATGGTGTGATGACTTTAAAGGTTACATATAGAGCTGATATGATAAAATTTCAACTCTCCCTTTTATCAACGAGGGTAGAATTGGAGGGGGAAGTGGAAAAGAGGTTTAAGATATCAAGGTTTTCAATAAAGTATCAAGATGAAGATGACGATTGGATTTTGATAACTTCTGATTCAGATTTGAGGGACGGGATGAATTCACTTAGATTGTTGGGAAGGAATACAATGAGATTAGAGGTTAACCCAGAATCTGACACATGA
srvanwin@LAPTOP-98J85QIK:~/unix_course_data/unix_course_chapter4$ grep -c "^>" cds_subset . fasta
grep: cds_subset: No such file or directory
grep: .: Is a directory
.:0
grep: fasta: No such file or directory
srvanwin@LAPTOP-98J85QIK:~/unix_course_data/unix_course_chapter4$ grep -c "^>" cds_subset.fasta
2
srvanwin@LAPTOP-98J85QIK:~/unix_course_data/unix_course_chapter4$ grep "^>" cds_subset.fasta
>PGSC0003DMC400017652 PGSC0003DMT400025881 CDS
>PGSC0003DMC400024095 PGSC0003DMT400035438 CDS
srvanwin@LAPTOP-98J85QIK:~/unix_course_data/unix_course_chapter4$ wc -l cds_subset.fasta
4 cds_subset.fasta
srvanwin@LAPTOP-98J85QIK:~/unix_course_data/unix_course_chapter4$ wc cds_subset.fasta
   4    8 3891 cds_subset.fasta
srvanwin@LAPTOP-98J85QIK:~/unix_course_data/unix_course_chapter4$ cp cds_subset . fasta cds_subset_copy.fasta
cp: target 'cds_subset_copy.fasta': No such file or directory
srvanwin@LAPTOP-98J85QIK:~/unix_course_data/unix_course_chapter4$ cp cds_subset.fasta cds_subset_copy.fasta
srvanwin@LAPTOP-98J85QIK:~/unix_course_data/unix_course_chapter4$ nano cds_subset_copy.fasta
srvanwin@LAPTOP-98J85QIK:~/unix_course_data/unix_course_chapter4$ diff cds_subset.fasta cds_subset_copy.fasta
1c1
< >PGSC0003DMC400017652 PGSC0003DMT400025881 CDS
---
> > PGSC0003DMC400017652 PGSC0003DMT400025881 CDS
srvanwin@LAPTOP-98J85QIK:~/unix_course_data/unix_course_chapter4$ grep -A 1 "PGSC0003DMC400024095" cds_subset_copy.fasta
>PGSC0003DMC400024095 PGSC0003DMT400035438 CDS
ATGGAGCATCAACCTTCAGAGGTATGTGACCTAATGCCTTGTAAACTGGACTGGTGTCAACTGAAGTTAAATGGCTGGGTATTTTGGAGCATAAAACACAACGACGAGTTGGAATACCAGCGATCCATTAACTCCATCTTTTCCTATTCTGTTGTTTCCTCCATCTTTCCAACTGAGAAATGGAGGATCCAATCTGTTATGGAGAAAATCATGTGGAATCCAAATATTTCTCTGTTTCAATTCTGGGCACCCATCAAGGTCAATGGATCCACTTTCCTGTCCACTGCGGATCAACCATTTGCTTTCTATAACCAACTTGATAAGAGGCTCTCTTCATACAGGAAGCTCTGTTTAGATACTATGATTCCCATGGACAACAAGGAAATTCCATTTGGTCCCCCTGGACGAGTTTTCTCAAGATACTTGCCAGAATATAACCCCAACGTCCTAAGCTACTCCTCTGCAGAGTTTCCACTGCTTCAAACTGCAATTCCCTTGGGaATTCATTCTTATTATGCATTTCCAGTTTCCAACCTCCATGATGGCCAGTGCCTTGGTGTATTCGAGATTGTATCTACACTACCATATCTCCCTCTTCACACCCTTATTAAGTGGTTGAATTTCGAATCAGTTGGCTTGTACATTCCTAACTCATTGGGCATGCCTTTTGGACCTTCAAAGcggctggatgatgaaagacttggcgatataaaggcCGGGTTATATGAGATCCTTGAAAGACATAGTTTACCCTTTGCTCAAATTTGGATTCCTTTTTCTCTACCTTCCTCTTTGAAAGTCTTGTATCGTGTTGGTGGCTCAATCAATGAACGTGCACAATCAATGTATTATGAGTTTGAATATTCTTCTGAGGTCTGTTTTATTAAGAGTGGCGAGGCATTGGTTGGGAGGGCATTTGCATCCCAAGGTTCATGCTTTTGCAAAGATGTTACTCTATTAAGCATCAATGAGTACCCTGTGTTGCCTACTGCACGAAAAGCTAGATTCACTCACAGTTTTGCAATTTGTTTGCAAAGTAAATGCGCCAACAATTTTGTATGCGTAGTTGAGTACTTTCTGCCAAGCAACGAAATGGCTGTTAGAGATACAAAGACTTTCTTAAACATGCTTTTAACCACAATGAAAGAACTACTTCCAGGTTTCATAGTTGCTTCTGGAAATGAACTAGGGCAGAGGATGCTCGTTGAAGTTGTTAAAGTTTCCCCGAATGATGAACTTGACTCCTTTGAAATTGGCCAAACTCTGCCGAGTGTTCAATCACTTCAGGATGGAGGAGAAACAATAGCAATTGATTCTTTCTATCAAGAGTCAGATTTTATGAAGAAGCTTGTTGATGCTCTTGCACTAGTGATTTCTTCTTGTTCATTAGACAAGTGTGACTCACTCAACTGTGAAGGGACAGTGGAAGTTGATCCGTCACTGCCTCATCCAATAGAGGAAGCTGTGACAAACAGAGGAACgGTTAACGTGGATGTAGCACATGATGACCACATTGAGGATACAAGTGAAATGATGCAACTTGATTCACACTTTGAGCAACCAAATTTAGAAATTAATTCTGTAGGCGCAAGGAGTAATGACACAGTGGAGCATAGGGATTTTAGTTATGCAAGACAATCGGTTGAAGCTGAAGCTATAAACAGAGAAAACAACTTTGTCAGTGGAGCAATGACTAACAACGAGAAAATCCATTCACAGAAGAACAACGAATTACGAAGGATAGAAAAAGATCATGGGATTACTCGCGAGACTTTGGAGCAGCAATATGGCACGCTTCTTAAAGATGCTGCCAAAAATCTAGGTGGTAAGTTCACTAACTTTAGCGCATTTGAGATTCGTAATtctttttgtgttattatatatgatgtacgctcatatgccttTAACCGGAATGATTTATGCATAGGTTCACTGAAATCCCTTTTGTGGACTTCtTTTATTGCAGTTAGTCGAGCAACACTAAAACGGATATGTAGAGTATATGAAATCACTAGATGGCCAAaTCATAAGACTAGAAAGGTTAATGTCCATGTTAGCCATgGCGTATCTTTTCAAGGTGCTGAACCATATGTGGGCGATCAACAATGTCCTGCTCTTTCCCAAGAAAAAGGCATCAAATATTTGGGTAACAAAAGATCTCCTGCAACAGGAGTATCTCGTGATGGTGTGATGACTTTAAAGGTTACATATAGAGCTGATATGATAAAATTTCAACTCTCCCTTTTATCAACGAGGGTAGAATTGGAGGGGGAAGTGGAAAAGAGGTTTAAGATATCAAGGTTTTCAATAAAGTATCAAGATGAAGATGACGATTGGATTTTGATAACTTCTGATTCAGATTTGAGGGACGGGATGAATTCACTTAGATTGTTGGGAAGGAATACAATGAGATTAGAGGTTAACCCAGAATCTGACACATGA
srvanwin@LAPTOP-98J85QIK:~/unix_course_data/unix_course_chapter4$ grep -A 1 "PGSC0003DMC400024095" cds_subset_copy.fasta > extracted_sequence_copy.fasta
srvanwin@LAPTOP-98J85QIK:~/unix_course_data/unix_course_chapter4$ cat extracted_sequence_copy.fasta
>PGSC0003DMC400024095 PGSC0003DMT400035438 CDS
ATGGAGCATCAACCTTCAGAGGTATGTGACCTAATGCCTTGTAAACTGGACTGGTGTCAACTGAAGTTAAATGGCTGGGTATTTTGGAGCATAAAACACAACGACGAGTTGGAATACCAGCGATCCATTAACTCCATCTTTTCCTATTCTGTTGTTTCCTCCATCTTTCCAACTGAGAAATGGAGGATCCAATCTGTTATGGAGAAAATCATGTGGAATCCAAATATTTCTCTGTTTCAATTCTGGGCACCCATCAAGGTCAATGGATCCACTTTCCTGTCCACTGCGGATCAACCATTTGCTTTCTATAACCAACTTGATAAGAGGCTCTCTTCATACAGGAAGCTCTGTTTAGATACTATGATTCCCATGGACAACAAGGAAATTCCATTTGGTCCCCCTGGACGAGTTTTCTCAAGATACTTGCCAGAATATAACCCCAACGTCCTAAGCTACTCCTCTGCAGAGTTTCCACTGCTTCAAACTGCAATTCCCTTGGGaATTCATTCTTATTATGCATTTCCAGTTTCCAACCTCCATGATGGCCAGTGCCTTGGTGTATTCGAGATTGTATCTACACTACCATATCTCCCTCTTCACACCCTTATTAAGTGGTTGAATTTCGAATCAGTTGGCTTGTACATTCCTAACTCATTGGGCATGCCTTTTGGACCTTCAAAGcggctggatgatgaaagacttggcgatataaaggcCGGGTTATATGAGATCCTTGAAAGACATAGTTTACCCTTTGCTCAAATTTGGATTCCTTTTTCTCTACCTTCCTCTTTGAAAGTCTTGTATCGTGTTGGTGGCTCAATCAATGAACGTGCACAATCAATGTATTATGAGTTTGAATATTCTTCTGAGGTCTGTTTTATTAAGAGTGGCGAGGCATTGGTTGGGAGGGCATTTGCATCCCAAGGTTCATGCTTTTGCAAAGATGTTACTCTATTAAGCATCAATGAGTACCCTGTGTTGCCTACTGCACGAAAAGCTAGATTCACTCACAGTTTTGCAATTTGTTTGCAAAGTAAATGCGCCAACAATTTTGTATGCGTAGTTGAGTACTTTCTGCCAAGCAACGAAATGGCTGTTAGAGATACAAAGACTTTCTTAAACATGCTTTTAACCACAATGAAAGAACTACTTCCAGGTTTCATAGTTGCTTCTGGAAATGAACTAGGGCAGAGGATGCTCGTTGAAGTTGTTAAAGTTTCCCCGAATGATGAACTTGACTCCTTTGAAATTGGCCAAACTCTGCCGAGTGTTCAATCACTTCAGGATGGAGGAGAAACAATAGCAATTGATTCTTTCTATCAAGAGTCAGATTTTATGAAGAAGCTTGTTGATGCTCTTGCACTAGTGATTTCTTCTTGTTCATTAGACAAGTGTGACTCACTCAACTGTGAAGGGACAGTGGAAGTTGATCCGTCACTGCCTCATCCAATAGAGGAAGCTGTGACAAACAGAGGAACgGTTAACGTGGATGTAGCACATGATGACCACATTGAGGATACAAGTGAAATGATGCAACTTGATTCACACTTTGAGCAACCAAATTTAGAAATTAATTCTGTAGGCGCAAGGAGTAATGACACAGTGGAGCATAGGGATTTTAGTTATGCAAGACAATCGGTTGAAGCTGAAGCTATAAACAGAGAAAACAACTTTGTCAGTGGAGCAATGACTAACAACGAGAAAATCCATTCACAGAAGAACAACGAATTACGAAGGATAGAAAAAGATCATGGGATTACTCGCGAGACTTTGGAGCAGCAATATGGCACGCTTCTTAAAGATGCTGCCAAAAATCTAGGTGGTAAGTTCACTAACTTTAGCGCATTTGAGATTCGTAATtctttttgtgttattatatatgatgtacgctcatatgccttTAACCGGAATGATTTATGCATAGGTTCACTGAAATCCCTTTTGTGGACTTCtTTTATTGCAGTTAGTCGAGCAACACTAAAACGGATATGTAGAGTATATGAAATCACTAGATGGCCAAaTCATAAGACTAGAAAGGTTAATGTCCATGTTAGCCATgGCGTATCTTTTCAAGGTGCTGAACCATATGTGGGCGATCAACAATGTCCTGCTCTTTCCCAAGAAAAAGGCATCAAATATTTGGGTAACAAAAGATCTCCTGCAACAGGAGTATCTCGTGATGGTGTGATGACTTTAAAGGTTACATATAGAGCTGATATGATAAAATTTCAACTCTCCCTTTTATCAACGAGGGTAGAATTGGAGGGGGAAGTGGAAAAGAGGTTTAAGATATCAAGGTTTTCAATAAAGTATCAAGATGAAGATGACGATTGGATTTTGATAACTTCTGATTCAGATTTGAGGGACGGGATGAATTCACTTAGATTGTTGGGAAGGAATACAATGAGATTAGAGGTTAACCCAGAATCTGACACATGA
srvanwin@LAPTOP-98J85QIK:~/unix_course_data/unix_course_chapter4$ head RNAseq_subset.fastq
@HWI-ST143:492:C0FVMACXX:6:1101:1413:2211 1:N:0:GTGAAA
GTCGAGAGCGTTTTTTCCCATTCCCCAAAGATGGGTTTCAAATAGCCTGTT
+
?@?DBDDDFCCDFHIJE?GFGH@FHIJJIHAHGHIGIGBBGDGHH8CGHGH
@HWI-ST143:492:C0FVMACXX:6:1101:1671:2190 1:N:0:GTGAAA
CCTGGATATTAAATATTCGACAGTTTTTTCTCGTTCTTCCCTAACGTACGC
+
@?@1AADAF>DF8<B?CBFF1EFEHIHE<G<9C??FFDFGDEFEE;FEFI:
@HWI-ST143:492:C0FVMACXX:6:1101:1704:2227 1:N:0:GTGAAA
CCCCGGTCCTACCATCGTCACCTCGATCCCGAACTCTGGTTCCTACACATG
srvanwin@LAPTOP-98J85QIK:~/unix_course_data/unix_course_chapter4$ grep -c "^@" RNAseq_subset.fastq
7
srvanwin@LAPTOP-98J85QIK:~/unix_course_data/unix_course_chapter4$ wc -l RNAseq_subset.fastq
20 RNAseq_subset.fastq
srvanwin@LAPTOP-98J85QIK:~/unix_course_data/unix_course_chapter4$ ls
RNAseq_subset.fastq  annotation_subset.gff  cds_subset.fasta  cds_subset_copy.fasta  extracted_sequence_copy.fasta
srvanwin@LAPTOP-98J85QIK:~/unix_course_data/unix_course_chapter4$ head annotation_subset.gff
##gff-version 3
#S. tuberosum Group Phureja DM1-3 Genome Annotation v3.4 on DM V3 super scaffolds.
#Only the transcript that produces the longest peptide sequence among all the alternative isoforms of a gene is included
#seqid  source  type    start   end     score   strand  phase   attributes
ST4.03ch01      BGI     gene    152322  153489  .       .       .       ID=PGSC0003DMG400015133;name="Defensin"
ST4.03ch01      Cufflinks       mRNA    152322  153489  .       -       .       ID=PGSC0003DMT400039136;Parent=PGSC0003DMG400015133;Source_id=RNASEQ26.809.0;Mapping_depth=16.192011;Class=4;name="Defensin"
ST4.03ch01      Cufflinks       exon    153389  153489  .       -       .       ID=PGSC0003DME400103709;Parent=PGSC0003DMT400039136;
ST4.03ch01      Cufflinks       exon    152322  152593  .       -       .       ID=PGSC0003DME400103710;Parent=PGSC0003DMT400039136;
ST4.03ch01      BestORF CDS     152418  152576  .       -       0       ID=PGSC0003DMC400026563;Parent=PGSC0003DMT400039136;
ST4.03ch01      BGI     gene    160379  161885  .       .       .       ID=PGSC0003DMG400015132;name="Defensin J1-2"
srvanwin@LAPTOP-98J85QIK:~/unix_course_data/unix_course_chapter4$ tail annotation_subset.gff
ST4.03ch01      Cufflinks       mRNA    152322  153489  .       -       .       ID=PGSC0003DMT400039136;Parent=PGSC0003DMG400015133;Source_id=RNASEQ26.809.0;Mapping_depth=16.192011;Class=4;name="Defensin"
ST4.03ch01      Cufflinks       exon    153389  153489  .       -       .       ID=PGSC0003DME400103709;Parent=PGSC0003DMT400039136;
ST4.03ch01      Cufflinks       exon    152322  152593  .       -       .       ID=PGSC0003DME400103710;Parent=PGSC0003DMT400039136;
ST4.03ch01      BestORF CDS     152418  152576  .       -       0       ID=PGSC0003DMC400026563;Parent=PGSC0003DMT400039136;
ST4.03ch01      BGI     gene    160379  161885  .       .       .       ID=PGSC0003DMG400015132;name="Defensin J1-2"
ST4.03ch01      Cufflinks       mRNA    160379  161885  .       -       .       ID=PGSC0003DMT400039134;Parent=PGSC0003DMG400015132;Source_id=RNASEQ26.803.0;Mapping_depth=35.840147;Class=2;name="Defensin J1-2"
ST4.03ch01      Cufflinks       exon    161722  161885  .       -       .       ID=PGSC0003DME400103705;Parent=PGSC0003DMT400039134;
ST4.03ch01      Cufflinks       exon    160379  160659  .       -       .       ID=PGSC0003DME400103708;Parent=PGSC0003DMT400039134;
ST4.03ch01      BestORF CDS     161722  161785  .       -       0       ID=PGSC0003DMC400026562;Parent=PGSC0003DMT400039134;
ST4.03ch01      BestORF CDS     160499  160659  .       -       2       ID=PGSC0003DMC400026562;Parent=PGSC0003DMT400039134;
srvanwin@LAPTOP-98J85QIK:~/unix_course_data/unix_course_chapter4$ wc annotation_subset.gff
  15  144 1476 annotation_subset.gff
srvanwin@LAPTOP-98J85QIK:~/unix_course_data/unix_course_chapter4$ grep -c "gene" annotation_subset.gff
3
srvanwin@LAPTOP-98J85QIK:~/unix_course_data/unix_course_chapter4$ grep "^#" annotation_subset.gff
##gff-version 3
#S. tuberosum Group Phureja DM1-3 Genome Annotation v3.4 on DM V3 super scaffolds.
#Only the transcript that produces the longest peptide sequence among all the alternative isoforms of a gene is included
#seqid  source  type    start   end     score   strand  phase   attributes
srvanwin@LAPTOP-98J85QIK:~/unix_course_data/unix_course_chapter4$ $ grep -v "^#" annotation_subset . gff \
> subset_nocomments .gff
$: command not found
srvanwin@LAPTOP-98J85QIK:~/unix_course_data/unix_course_chapter4$ $ grep -v "^#" annotation_subset.gff \ > subset_nocomm
ents.gff
$: command not found
srvanwin@LAPTOP-98J85QIK:~/unix_course_data/unix_course_chapter4$ grep -v "^#" annotation_subset.gff > subset_nocomments.gff
srvanwin@LAPTOP-98J85QIK:~/unix_course_data/unix_course_chapter4$ head subset_nocomments.gff
ST4.03ch01      BGI     gene    152322  153489  .       .       .       ID=PGSC0003DMG400015133;name="Defensin"
ST4.03ch01      Cufflinks       mRNA    152322  153489  .       -       .       ID=PGSC0003DMT400039136;Parent=PGSC0003DMG400015133;Source_id=RNASEQ26.809.0;Mapping_depth=16.192011;Class=4;name="Defensin"
ST4.03ch01      Cufflinks       exon    153389  153489  .       -       .       ID=PGSC0003DME400103709;Parent=PGSC0003DMT400039136;
ST4.03ch01      Cufflinks       exon    152322  152593  .       -       .       ID=PGSC0003DME400103710;Parent=PGSC0003DMT400039136;
ST4.03ch01      BestORF CDS     152418  152576  .       -       0       ID=PGSC0003DMC400026563;Parent=PGSC0003DMT400039136;
ST4.03ch01      BGI     gene    160379  161885  .       .       .       ID=PGSC0003DMG400015132;name="Defensin J1-2"
ST4.03ch01      Cufflinks       mRNA    160379  161885  .       -       .       ID=PGSC0003DMT400039134;Parent=PGSC0003DMG400015132;Source_id=RNASEQ26.803.0;Mapping_depth=35.840147;Class=2;name="Defensin J1-2"
ST4.03ch01      Cufflinks       exon    161722  161885  .       -       .       ID=PGSC0003DME400103705;Parent=PGSC0003DMT400039134;
ST4.03ch01      Cufflinks       exon    160379  160659  .       -       .       ID=PGSC0003DME400103708;Parent=PGSC0003DMT400039134;
ST4.03ch01      BestORF CDS     161722  161785  .       -       0       ID=PGSC0003DMC400026562;Parent=PGSC0003DMT400039134;
srvanwin@LAPTOP-98J85QIK:~/unix_course_data/unix_course_chapter4$ tail subset_nocomments.gff
ST4.03ch01      Cufflinks       mRNA    152322  153489  .       -       .       ID=PGSC0003DMT400039136;Parent=PGSC0003DMG400015133;Source_id=RNASEQ26.809.0;Mapping_depth=16.192011;Class=4;name="Defensin"
ST4.03ch01      Cufflinks       exon    153389  153489  .       -       .       ID=PGSC0003DME400103709;Parent=PGSC0003DMT400039136;
ST4.03ch01      Cufflinks       exon    152322  152593  .       -       .       ID=PGSC0003DME400103710;Parent=PGSC0003DMT400039136;
ST4.03ch01      BestORF CDS     152418  152576  .       -       0       ID=PGSC0003DMC400026563;Parent=PGSC0003DMT400039136;
ST4.03ch01      BGI     gene    160379  161885  .       .       .       ID=PGSC0003DMG400015132;name="Defensin J1-2"
ST4.03ch01      Cufflinks       mRNA    160379  161885  .       -       .       ID=PGSC0003DMT400039134;Parent=PGSC0003DMG400015132;Source_id=RNASEQ26.803.0;Mapping_depth=35.840147;Class=2;name="Defensin J1-2"
ST4.03ch01      Cufflinks       exon    161722  161885  .       -       .       ID=PGSC0003DME400103705;Parent=PGSC0003DMT400039134;
ST4.03ch01      Cufflinks       exon    160379  160659  .       -       .       ID=PGSC0003DME400103708;Parent=PGSC0003DMT400039134;
ST4.03ch01      BestORF CDS     161722  161785  .       -       0       ID=PGSC0003DMC400026562;Parent=PGSC0003DMT400039134;
ST4.03ch01      BestORF CDS     160499  160659  .       -       2       ID=PGSC0003DMC400026562;Parent=PGSC0003DMT400039134;
srvanwin@LAPTOP-98J85QIK:~/unix_course_data/unix_course_chapter4$ cut -f 3 subset_nocomments.gff
gene
mRNA
exon
exon
CDS
gene
mRNA
exon
exon
CDS
CDS
srvanwin@LAPTOP-98J85QIK:~/unix_course_data/unix_course_chapter4$ less subset_nocomments.gff
srvanwin@LAPTOP-98J85QIK:~/unix_course_data/unix_course_chapter4$ cut -f 3 subset_nocomments .gff > annotation_column .txt
cut: .gff: No such file or directory
cut: .txt: No such file or directory
srvanwin@LAPTOP-98J85QIK:~/unix_course_data/unix_course_chapter4$ cut -f 3 subset_nocomments.gff > annotation_column.txt
srvanwin@LAPTOP-98J85QIK:~/unix_course_data/unix_course_chapter4$ sort annotation_column.txt > sorted_features.txt
srvanwin@LAPTOP-98J85QIK:~/unix_course_data/unix_course_chapter4$ uniq -c sorted_features.txt
      3 CDS
      4 exon
      2 gene
      2 mRNA
srvanwin@LAPTOP-98J85QIK:~/unix_course_data/unix_course_chapter4$ less subset_nocomments.gff
srvanwin@LAPTOP-98J85QIK:~/unix_course_data/unix_course_chapter4$
