To run a command as administrator (user "root"), use "sudo <command>".
See "man sudo_root" for details.

srvanwin@LAPTOP-98J85QIK:~$ mkdir excercise3
srvanwin@LAPTOP-98J85QIK:~$ cd excercise3
srvanwin@LAPTOP-98J85QIK:~/excercise3$ pwd
/home/srvanwin/excercise3
srvanwin@LAPTOP-98J85QIK:~/excercise3$ nano.srvfile.txt
nano.srvfile.txt: command not found
srvanwin@LAPTOP-98J85QIK:~/excercise3$ nano.srvfile.txt
nano.srvfile.txt: command not found
srvanwin@LAPTOP-98J85QIK:~/excercise3$ nano.srvfile
nano.srvfile: command not found
srvanwin@LAPTOP-98J85QIK:~/excercise3$ nano.srvfile.txt
nano.srvfile.txt: command not found
srvanwin@LAPTOP-98J85QIK:~/excercise3$ pwd
/home/srvanwin/excercise3
srvanwin@LAPTOP-98J85QIK:~/excercise3$ ls
srvfile.txt
srvanwin@LAPTOP-98J85QIK:~/excercise3$ less srvfile.txt
srvanwin@LAPTOP-98J85QIK:~/excercise3$ nano srvfile.txt
srvanwin@LAPTOP-98J85QIK:~/excercise3$ less srvfile.txt
srvanwin@LAPTOP-98J85QIK:~/excercise3$ ls -1
srvfile.txt
srvanwin@LAPTOP-98J85QIK:~/excercise3$ ls-1
ls-1: command not found
srvanwin@LAPTOP-98J85QIK:~/excercise3$ ls -1 srvfile.txt
srvfile.txt
srvanwin@LAPTOP-98J85QIK:~/excercise3$ head -2 srvfile.txt
Editing line 1
Edited line 2
srvanwin@LAPTOP-98J85QIK:~/excercise3$ tail -3 srvfile.txt
Edited in nano line 4
Editing line 5 in nano to save and continue chapter 3

srvanwin@LAPTOP-98J85QIK:~/excercise3$ cat srvfile.txt
Editing line 1
Edited line 2
Edit line 3
Edited in nano line 4
Editing line 5 in nano to save and continue chapter 3

srvanwin@LAPTOP-98J85QIK:~/excercise3$ less srvfile.txt
srvanwin@LAPTOP-98J85QIK:~/excercise3$ mkdir srvtutorialdir
srvanwin@LAPTOP-98J85QIK:~/excercise3$ pwd
/home/srvanwin/excercise3
srvanwin@LAPTOP-98J85QIK:~/excercise3$ cd srvtutorialdir
srvanwin@LAPTOP-98J85QIK:~/excercise3/srvtutorialdir$ pwd
/home/srvanwin/excercise3/srvtutorialdir
srvanwin@LAPTOP-98J85QIK:~/excercise3/srvtutorialdir$ cp srvfile.txt srvtutorialdir
cp: cannot stat 'srvfile.txt': No such file or directory
srvanwin@LAPTOP-98J85QIK:~/excercise3/srvtutorialdir$ cd excercise3
-bash: cd: excercise3: No such file or directory
srvanwin@LAPTOP-98J85QIK:~/excercise3/srvtutorialdir$ pwd
/home/srvanwin/excercise3/srvtutorialdir
srvanwin@LAPTOP-98J85QIK:~/excercise3/srvtutorialdir$ cd ~
srvanwin@LAPTOP-98J85QIK:~$ cd excercise3
srvanwin@LAPTOP-98J85QIK:~/excercise3$ cp srvfile.txt srvtutorialdir
srvanwin@LAPTOP-98J85QIK:~/excercise3$ cp srvfile.txt srvtutorialdir/srvfile_copy.txt
srvanwin@LAPTOP-98J85QIK:~/excercise3$ mv srvtutorialdir/srvfile.txt srvtutorialdir/srvfile_copy.txt
srvanwin@LAPTOP-98J85QIK:~/excercise3$ ls
srvfile.txt  srvtutorialdir
srvanwin@LAPTOP-98J85QIK:~/excercise3$ ls srvtutorialdir
srvfile_copy.txt
srvanwin@LAPTOP-98J85QIK:~/excercise3$ rmdir srvtutorialdir
rmdir: failed to remove 'srvtutorialdir': Directory not empty
srvanwin@LAPTOP-98J85QIK:~/excercise3$ rm -r -i srvtutorialdir
rm: descend into directory 'srvtutorialdir'? y
rm: remove regular file 'srvtutorialdir/srvfile_copy.txt'? y
rm: remove directory 'srvtutorialdir'? n
srvanwin@LAPTOP-98J85QIK:~/excercise3$ cd !
-bash: cd: !: No such file or directory
srvanwin@LAPTOP-98J85QIK:~/excercise3$ cd~
Command 'cd~' not found, did you mean:
  command 'cdp' from deb irpas (0.10-9)
  command 'cdi' from deb cdo (2.3.0-1)
  command 'cde' from deb cde (0.1+git9-g551e54d-1.2)
  command 'cdo' from deb cdo (2.3.0-1)
  command 'cdb' from deb tinycdb (0.81-1)
  command 'cdw' from deb cdw (0.8.1-3)
  command 'cd5' from deb cd5 (0.1-4)
Try: sudo apt install <deb name>
srvanwin@LAPTOP-98J85QIK:~/excercise3$ cd ~
srvanwin@LAPTOP-98J85QIK:~$ wget http ://130.235.244.56/ unix / tarballs / unix_course_chapter3 . tar . gz
--2026-01-24 17:59:42--  http://http/
Resolving http (http)... failed: Temporary failure in name resolution.
wget: unable to resolve host address ‘http’
://130.235.244.56/: Scheme missing.
--2026-01-24 17:59:52--  http://unix/
Resolving unix (unix)... failed: Temporary failure in name resolution.
wget: unable to resolve host address ‘unix’
/: Scheme missing.
--2026-01-24 18:00:02--  http://tarballs/
Resolving tarballs (tarballs)... failed: Temporary failure in name resolution.
wget: unable to resolve host address ‘tarballs’
/: Scheme missing.
--2026-01-24 18:00:12--  http://unix_course_chapter3/
Resolving unix_course_chapter3 (unix_course_chapter3)... failed: Temporary failure in name resolution.
wget: unable to resolve host address ‘unix_course_chapter3’
--2026-01-24 18:00:22--  http://./
Resolving . (.)... failed: Temporary failure in name resolution.
wget: unable to resolve host address ‘.’
--2026-01-24 18:00:32--  http://tar/
Resolving tar (tar)... failed: Temporary failure in name resolution.
wget: unable to resolve host address ‘tar’
--2026-01-24 18:00:42--  http://./
Resolving . (.)... failed: Temporary failure in name resolution.
wget: unable to resolve host address ‘.’
--2026-01-24 18:00:52--  http://gz/
Resolving gz (gz)... failed: Temporary failure in name resolution.
wget: unable to resolve host address ‘gz’
srvanwin@LAPTOP-98J85QIK:~$ $ wget http ://130.235.244.56/ unix / tarballs / unix_course_chapter3 . tar . gz
$ tar - xf unix_course_chapter3 . tar . gz
$: command not found
$: command not found
srvanwin@LAPTOP-98J85QIK:~$ $ tar - xf unix_course_chapter3 . tar . gz
$: command not found
srvanwin@LAPTOP-98J85QIK:~$ wget http://130.235.244.56/unix/tarballs/unix_course_chapter3.tar.gz
--2026-01-24 18:02:55--  http://130.235.244.56/unix/tarballs/unix_course_chapter3.tar.gz
Connecting to 130.235.244.56:80... failed: Connection timed out.
Retrying.

--2026-01-24 18:05:11--  (try: 2)  http://130.235.244.56/unix/tarballs/unix_course_chapter3.tar.gz
Connecting to 130.235.244.56:80... ^C
srvanwin@LAPTOP-98J85QIK:~$  wget "http ://130.235.244.56/ unix / tarballs / unix_course_chapter3 . tar . gz"
http ://130.235.244.56/ unix / tarballs / unix_course_chapter3 . tar . gz: Scheme missing.
srvanwin@LAPTOP-98J85QIK:~$  wget http://130.235.244.56/unix/tarballs/unix_course_chapter3.tar.gz
--2026-01-24 18:07:58--  http://130.235.244.56/unix/tarballs/unix_course_chapter3.tar.gz
Connecting to 130.235.244.56:80... ^C
srvanwin@LAPTOP-98J85QIK:~$ ping -c 3 130.235.244.56
PING 130.235.244.56 (130.235.244.56) 56(84) bytes of data.

--- 130.235.244.56 ping statistics ---
3 packets transmitted, 0 received, 100% packet loss, time 2027ms

srvanwin@LAPTOP-98J85QIK:~$ wget http://130.235.244.56/unix/tarballs/unix_course_chapter3.tar.gz
--2026-01-24 18:10:32--  http://130.235.244.56/unix/tarballs/unix_course_chapter3.tar.gz
Connecting to 130.235.244.56:80... ^C
srvanwin@LAPTOP-98J85QIK:~$ tar -xf unix_course_chapter3.tar.gz
tar: unix_course_chapter3.tar.gz: Cannot open: No such file or directory
tar: Error is not recoverable: exiting now
srvanwin@LAPTOP-98J85QIK:~$ cd home
-bash: cd: home: No such file or directory
srvanwin@LAPTOP-98J85QIK:~$ pwd
/home/srvanwin
srvanwin@LAPTOP-98J85QIK:~$ cd unix_course_data
srvanwin@LAPTOP-98J85QIK:~/unix_course_data$ tar -xf unix_course_chapter3.tar.gz
srvanwin@LAPTOP-98J85QIK:~/unix_course_data$ ls
MhaptRNASeq.fastq.gz  potato_case_fasta_gene_ids.txt  unix_course_chapter2.tar.gz  unix_course_chapter4.tar.gz
chapter2_old.tar.gz   potato_reference_genome         unix_course_chapter3         unix_course_chapter7.tar.gz
genome_files.tar.gz   unix_course_chapter2            unix_course_chapter3.tar.gz
srvanwin@LAPTOP-98J85QIK:~/unix_course_data$ cd unix_course_chapter3
srvanwin@LAPTOP-98J85QIK:~/unix_course_data/unix_course_chapter3$ ls
nucleotides1_A.fa  nucleotides1_B.fa  nucleotides2_A.fa  nucleotides2_B.fa
srvanwin@LAPTOP-98J85QIK:~/unix_course_data/unix_course_chapter3$ ls > saved_output.txt
srvanwin@LAPTOP-98J85QIK:~/unix_course_data/unix_course_chapter3$ head -4 nucleotides1_A.fa
>PGSC0003DMC400017652 PGSC0003DMT400025881 CDS
ATGGCTTCTCATGCAGCTTTGGCTTCTTCAAGAATTCCTACAAGCACAAGGCTTCCTTCCAATAAGAACTCCTACTCATTCCCCACACAATGTTTATCCAAGAAATTTGAAGTAGCTGAATTTTCTGGTCTTAGATCAAGTGGATGTGTGACATTTTCCAACAGAGAGTCTTCTTTCTTTGATGTTGTCTCTGCTCAACTCACTCCAAAGACCACAGGATCAGCCCCGGTTAAGGGAGAAACTGTTGCTAAATTGAAGGTTGCTATCAACGGTTTTGGTAGAATTGGTAGGAATTTCCTCCGATGCTGGCATGGTCGCAAAGACTCACCACTTGATGTTGTGGTTGTCAATGACAGTGGCGGTGTCAAGAACGCATCTCACTTGCTAAAGTATGATTCAATGCTGGGAACATTCAAAGCTGATGTCAAAATAGTGGATAATGAAACCATTAGTGTTGATGGAAAGCACATCAAGGTTGTTTCTAGCAGGGATCCCCTCAAGCTTCCTTGGGCTGAACTTGGCATTGACATTGTTATTGAGGGAACCGGTGTGTTTGTTGATGGTCCAGGTGCTGGGAAGCATATCCAAGCTGGTGCCAAGAAAGTTATCATCACTGCACCAGCAAAAGGTGCTGACATTCCAACCTATGTTGTTGGAGTGAACGAGCAAGACTACTCTCATGAGATTGCCAACATCATAAGCAATGCCTCTTGCACCACTAACTGCTTGGCTCCATTTGTGAAAGTCATGGATGAAGAACTTGGAATTGTGAAGGGTACAATGACAACAACTCACTCTTACACCGGAGATCAGAGGCTTCTTGATGCTTCACACCGTGACTTAAGGAGAGCGAGAGCAGCAGCATTAAACATTGTCCCAACCAGCACTGGTGCAGCCAAGGCTGTGTCTTTAGTGCTACCTCAGCTTAAGGGAAAGCTGAATGGCATTGCTCTCCGAGTGCCAACACCTAATGTCTCAGTTGTTGACCTCGTTGTCAACGTTGAGAAGAAAGGAATTACAGCTGAGGATGTGAATGCAGCTTTCAGAAAGGCTGCTGATGGTCCACTGAAAGGCATATTAGATGTGTGTGATGCCCCTCTTGTTTCAGTTGACTTCCGATGCTCTGACGTTTCAGCCACCATCGACTCCTCCTTGACCATGGTCATGGGAGATGATATGGTCAAGGTTATTGCTTGGTATGACAACGAGTGGGGATACAGCCAAAGAGTTGTGGACTTGGCTCATCTAGTAGCAAGCAAATGGCCAGGTGTTGCAGCACCAGGAAGTGGAGACCCATTGGATGAGTTCTGTGAGACAAATCCTTCTGATGAGGAGTGCAAAGTCTATGAATAA
>PGSC0003DMC400024095 PGSC0003DMT400035438 CDS
ATGGAGCATCAACCTTCAGAGGTATGTGACCTAATGCCTTGTAAACTGGACTGGTGTCAACTGAAGTTAAATGGCTGGGTATTTTGGAGCATAAAACACAACGACGAGTTGGAATACCAGCGATCCATTAACTCCATCTTTTCCTATTCTGTTGTTTCCTCCATCTTTCCAACTGAGAAATGGAGGATCCAATCTGTTATGGAGAAAATCATGTGGAATCCAAATATTTCTCTGTTTCAATTCTGGGCACCCATCAAGGTCAATGGATCCACTTTCCTGTCCACTGCGGATCAACCATTTGCTTTCTATAACCAACTTGATAAGAGGCTCTCTTCATACAGGAAGCTCTGTTTAGATACTATGATTCCCATGGACAACAAGGAAATTCCATTTGGTCCCCCTGGACGAGTTTTCTCAAGATACTTGCCAGAATATAACCCCAACGTCCTAAGCTACTCCTCTGCAGAGTTTCCACTGCTTCAAACTGCAATTCCCTTGGGaATTCATTCTTATTATGCATTTCCAGTTTCCAACCTCCATGATGGCCAGTGCCTTGGTGTATTCGAGATTGTATCTACACTACCATATCTCCCTCTTCACACCCTTATTAAGTGGTTGAATTTCGAATCAGTTGGCTTGTACATTCCTAACTCATTGGGCATGCCTTTTGGACCTTCAAAGcggctggatgatgaaagacttggcgatataaaggcCGGGTTATATGAGATCCTTGAAAGACATAGTTTACCCTTTGCTCAAATTTGGATTCCTTTTTCTCTACCTTCCTCTTTGAAAGTCTTGTATCGTGTTGGTGGCTCAATCAATGAACGTGCACAATCAATGTATTATGAGTTTGAATATTCTTCTGAGGTCTGTTTTATTAAGAGTGGCGAGGCATTGGTTGGGAGGGCATTTGCATCCCAAGGTTCATGCTTTTGCAAAGATGTTACTCTATTAAGCATCAATGAGTACCCTGTGTTGCCTACTGCACGAAAAGCTAGATTCACTCACAGTTTTGCAATTTGTTTGCAAAGTAAATGCGCCAACAATTTTGTATGCGTAGTTGAGTACTTTCTGCCAAGCAACGAAATGGCTGTTAGAGATACAAAGACTTTCTTAAACATGCTTTTAACCACAATGAAAGAACTACTTCCAGGTTTCATAGTTGCTTCTGGAAATGAACTAGGGCAGAGGATGCTCGTTGAAGTTGTTAAAGTTTCCCCGAATGATGAACTTGACTCCTTTGAAATTGGCCAAACTCTGCCGAGTGTTCAATCACTTCAGGATGGAGGAGAAACAATAGCAATTGATTCTTTCTATCAAGAGTCAGATTTTATGAAGAAGCTTGTTGATGCTCTTGCACTAGTGATTTCTTCTTGTTCATTAGACAAGTGTGACTCACTCAACTGTGAAGGGACAGTGGAAGTTGATCCGTCACTGCCTCATCCAATAGAGGAAGCTGTGACAAACAGAGGAACgGTTAACGTGGATGTAGCACATGATGACCACATTGAGGATACAAGTGAAATGATGCAACTTGATTCACACTTTGAGCAACCAAATTTAGAAATTAATTCTGTAGGCGCAAGGAGTAATGACACAGTGGAGCATAGGGATTTTAGTTATGCAAGACAATCGGTTGAAGCTGAAGCTATAAACAGAGAAAACAACTTTGTCAGTGGAGCAATGACTAACAACGAGAAAATCCATTCACAGAAGAACAACGAATTACGAAGGATAGAAAAAGATCATGGGATTACTCGCGAGACTTTGGAGCAGCAATATGGCACGCTTCTTAAAGATGCTGCCAAAAATCTAGGTGGTAAGTTCACTAACTTTAGCGCATTTGAGATTCGTAATtctttttgtgttattatatatgatgtacgctcatatgccttTAACCGGAATGATTTATGCATAGGTTCACTGAAATCCCTTTTGTGGACTTCtTTTATTGCAGTTAGTCGAGCAACACTAAAACGGATATGTAGAGTATATGAAATCACTAGATGGCCAAaTCATAAGACTAGAAAGGTTAATGTCCATGTTAGCCATgGCGTATCTTTTCAAGGTGCTGAACCATATGTGGGCGATCAACAATGTCCTGCTCTTTCCCAAGAAAAAGGCATCAAATATTTGGGTAACAAAAGATCTCCTGCAACAGGAGTATCTCGTGATGGTGTGATGACTTTAAAGGTTACATATAGAGCTGATATGATAAAATTTCAACTCTCCCTTTTATCAACGAGGGTAGAATTGGAGGGGGAAGTGGAAAAGAGGTTTAAGATATCAAGGTTTTCAATAAAGTATCAAGATGAAGATGACGATTGGATTTTGATAACTTCTGATTCAGATTTGAGGGACGGGATGAATTCACTTAGATTGTTGGGAAGGAATACAATGAGATTAGAGGTTAACCCAGAATCTGACACATGA
srvanwin@LAPTOP-98J85QIK:~/unix_course_data/unix_course_chapter3$ head -1 nucleaotide_B.fa
head: cannot open 'nucleaotide_B.fa' for reading: No such file or directory
srvanwin@LAPTOP-98J85QIK:~/unix_course_data/unix_course_chapter3$ head -1 nucleotides_B.fa
head: cannot open 'nucleotides_B.fa' for reading: No such file or directory
srvanwin@LAPTOP-98J85QIK:~/unix_course_data/unix_course_chapter3$ head -1 nucleotides1_B.fa
>PGSC0003DMC400017652 PGSC0003DMT400025881 CDS
srvanwin@LAPTOP-98J85QIK:~/unix_course_data/unix_course_chapter3$ head -1 nucleotides1_C.fa
head: cannot open 'nucleotides1_C.fa' for reading: No such file or directory
srvanwin@LAPTOP-98J85QIK:~/unix_course_data/unix_course_chapter3$ head -1 nucleotides1_A.fa
>PGSC0003DMC400017652 PGSC0003DMT400025881 CDS
srvanwin@LAPTOP-98J85QIK:~/unix_course_data/unix_course_chapter3$ head -1 nucleotides2_A.fa
>PGSC0003DMC400056858 PGSC0003DMT400085183 CDS
srvanwin@LAPTOP-98J85QIK:~/unix_course_data/unix_course_chapter3$ head -1 nucleotides1_B.fa
>PGSC0003DMC400017652 PGSC0003DMT400025881 CDS
srvanwin@LAPTOP-98J85QIK:~/unix_course_data/unix_course_chapter3$ head -1 nucleotides2_B.fa
>PGSC0003DMC400056858 PGSC0003DMT400085183 CDS
srvanwin@LAPTOP-98J85QIK:~/unix_course_data/unisrvanwin@LAPTOP-98J85QIK:~/unix_course_data/unix_course_chapter3$ cat nucleotides1_A.fa nucleotides2_A.fa > combined_A.fa
srvanwin@LAPTOP-98J85QIK:~/unix_course_data/unix_course_chapter3$ cat nucleotides1_B.fa nucleotides2_B.fa > combined_B.fa
srvanwin@LAPTOP-98J85QIK:~/unix_course_data/unix_course_chapter3$ ls -l combined_A.fa
-rw-r--r-- 1 srvanwin srvanwin 1962085 Jan 24 18:24 combined_A.fa
srvanwin@LAPTOP-98J85QIK:~/unix_course_data/unix_course_chapter3$ ls -1 combined_B.fa
combined_B.fa
srvanwin@LAPTOP-98J85QIK:~/unix_course_data/unix_course_chapter3$ ls -1 combined_*.fa
combined_A.fa
combined_B.fa
srvanwin@LAPTOP-98J85QIK:~/unix_course_data/unix_course_chapter3$ wc -1 combined_A.fa
wc: invalid option -- '1'
Try 'wc --help' for more information.
srvanwin@LAPTOP-98J85QIK:~/unix_course_data/unix_course_chapter3$ wc -l combined_A.fa
4000 combined_A.fa
srvanwin@LAPTOP-98J85QIK:~/unix_course_data/unix_course_chapter3$ wc -l combined_B.fa
34051 combined_B.fa
srvanwin@LAPTOP-98J85QIK:~/unix_course_data/unix_course_chapter3$ rm nucleotides1_A.fa
rm: remove write-protected regular file 'nucleotides1_A.fa'? y
srvanwin@LAPTOP-98J85QIK:~/unix_course_data/unix_course_chapter3$ ls
combined_A.fa  combined_B.fa  nucleotides1_B.fa  nucleotides2_A.fa  nucleotides2_B.fa  saved_output.txt
srvanwin@LAPTOP-98J85QIK:~/unix_course_data/unix_course_chapter3$ head combined_A.fa
>PGSC0003DMC400017652 PGSC0003DMT400025881 CDS
ATGGCTTCTCATGCAGCTTTGGCTTCTTCAAGAATTCCTACAAGCACAAGGCTTCCTTCCAATAAGAACTCCTACTCATTCCCCACACAATGTTTATCCAAGAAATTTGAAGTAGCTGAATTTTCTGGTCTTAGATCAAGTGGATGTGTGACATTTTCCAACAGAGAGTCTTCTTTCTTTGATGTTGTCTCTGCTCAACTCACTCCAAAGACCACAGGATCAGCCCCGGTTAAGGGAGAAACTGTTGCTAAATTGAAGGTTGCTATCAACGGTTTTGGTAGAATTGGTAGGAATTTCCTCCGATGCTGGCATGGTCGCAAAGACTCACCACTTGATGTTGTGGTTGTCAATGACAGTGGCGGTGTCAAGAACGCATCTCACTTGCTAAAGTATGATTCAATGCTGGGAACATTCAAAGCTGATGTCAAAATAGTGGATAATGAAACCATTAGTGTTGATGGAAAGCACATCAAGGTTGTTTCTAGCAGGGATCCCCTCAAGCTTCCTTGGGCTGAACTTGGCATTGACATTGTTATTGAGGGAACCGGTGTGTTTGTTGATGGTCCAGGTGCTGGGAAGCATATCCAAGCTGGTGCCAAGAAAGTTATCATCACTGCACCAGCAAAAGGTGCTGACATTCCAACCTATGTTGTTGGAGTGAACGAGCAAGACTACTCTCATGAGATTGCCAACATCATAAGCAATGCCTCTTGCACCACTAACTGCTTGGCTCCATTTGTGAAAGTCATGGATGAAGAACTTGGAATTGTGAAGGGTACAATGACAACAACTCACTCTTACACCGGAGATCAGAGGCTTCTTGATGCTTCACACCGTGACTTAAGGAGAGCGAGAGCAGCAGCATTAAACATTGTCCCAACCAGCACTGGTGCAGCCAAGGCTGTGTCTTTAGTGCTACCTCAGCTTAAGGGAAAGCTGAATGGCATTGCTCTCCGAGTGCCAACACCTAATGTCTCAGTTGTTGACCTCGTTGTCAACGTTGAGAAGAAAGGAATTACAGCTGAGGATGTGAATGCAGCTTTCAGAAAGGCTGCTGATGGTCCACTGAAAGGCATATTAGATGTGTGTGATGCCCCTCTTGTTTCAGTTGACTTCCGATGCTCTGACGTTTCAGCCACCATCGACTCCTCCTTGACCATGGTCATGGGAGATGATATGGTCAAGGTTATTGCTTGGTATGACAACGAGTGGGGATACAGCCAAAGAGTTGTGGACTTGGCTCATCTAGTAGCAAGCAAATGGCCAGGTGTTGCAGCACCAGGAAGTGGAGACCCATTGGATGAGTTCTGTGAGACAAATCCTTCTGATGAGGAGTGCAAAGTCTATGAATAA
>PGSC0003DMC400024095 PGSC0003DMT400035438 CDS
ATGGAGCATCAACCTTCAGAGGTATGTGACCTAATGCCTTGTAAACTGGACTGGTGTCAACTGAAGTTAAATGGCTGGGTATTTTGGAGCATAAAACACAACGACGAGTTGGAATACCAGCGATCCATTAACTCCATCTTTTCCTATTCTGTTGTTTCCTCCATCTTTCCAACTGAGAAATGGAGGATCCAATCTGTTATGGAGAAAATCATGTGGAATCCAAATATTTCTCTGTTTCAATTCTGGGCACCCATCAAGGTCAATGGATCCACTTTCCTGTCCACTGCGGATCAACCATTTGCTTTCTATAACCAACTTGATAAGAGGCTCTCTTCATACAGGAAGCTCTGTTTAGATACTATGATTCCCATGGACAACAAGGAAATTCCATTTGGTCCCCCTGGACGAGTTTTCTCAAGATACTTGCCAGAATATAACCCCAACGTCCTAAGCTACTCCTCTGCAGAGTTTCCACTGCTTCAAACTGCAATTCCCTTGGGaATTCATTCTTATTATGCATTTCCAGTTTCCAACCTCCATGATGGCCAGTGCCTTGGTGTATTCGAGATTGTATCTACACTACCATATCTCCCTCTTCACACCCTTATTAAGTGGTTGAATTTCGAATCAGTTGGCTTGTACATTCCTAACTCATTGGGCATGCCTTTTGGACCTTCAAAGcggctggatgatgaaagacttggcgatataaaggcCGGGTTATATGAGATCCTTGAAAGACATAGTTTACCCTTTGCTCAAATTTGGATTCCTTTTTCTCTACCTTCCTCTTTGAAAGTCTTGTATCGTGTTGGTGGCTCAATCAATGAACGTGCACAATCAATGTATTATGAGTTTGAATATTCTTCTGAGGTCTGTTTTATTAAGAGTGGCGAGGCATTGGTTGGGAGGGCATTTGCATCCCAAGGTTCATGCTTTTGCAAAGATGTTACTCTATTAAGCATCAATGAGTACCCTGTGTTGCCTACTGCACGAAAAGCTAGATTCACTCACAGTTTTGCAATTTGTTTGCAAAGTAAATGCGCCAACAATTTTGTATGCGTAGTTGAGTACTTTCTGCCAAGCAACGAAATGGCTGTTAGAGATACAAAGACTTTCTTAAACATGCTTTTAACCACAATGAAAGAACTACTTCCAGGTTTCATAGTTGCTTCTGGAAATGAACTAGGGCAGAGGATGCTCGTTGAAGTTGTTAAAGTTTCCCCGAATGATGAACTTGACTCCTTTGAAATTGGCCAAACTCTGCCGAGTGTTCAATCACTTCAGGATGGAGGAGAAACAATAGCAATTGATTCTTTCTATCAAGAGTCAGATTTTATGAAGAAGCTTGTTGATGCTCTTGCACTAGTGATTTCTTCTTGTTCATTAGACAAGTGTGACTCACTCAACTGTGAAGGGACAGTGGAAGTTGATCCGTCACTGCCTCATCCAATAGAGGAAGCTGTGACAAACAGAGGAACgGTTAACGTGGATGTAGCACATGATGACCACATTGAGGATACAAGTGAAATGATGCAACTTGATTCACACTTTGAGCAACCAAATTTAGAAATTAATTCTGTAGGCGCAAGGAGTAATGACACAGTGGAGCATAGGGATTTTAGTTATGCAAGACAATCGGTTGAAGCTGAAGCTATAAACAGAGAAAACAACTTTGTCAGTGGAGCAATGACTAACAACGAGAAAATCCATTCACAGAAGAACAACGAATTACGAAGGATAGAAAAAGATCATGGGATTACTCGCGAGACTTTGGAGCAGCAATATGGCACGCTTCTTAAAGATGCTGCCAAAAATCTAGGTGGTAAGTTCACTAACTTTAGCGCATTTGAGATTCGTAATtctttttgtgttattatatatgatgtacgctcatatgccttTAACCGGAATGATTTATGCATAGGTTCACTGAAATCCCTTTTGTGGACTTCtTTTATTGCAGTTAGTCGAGCAACACTAAAACGGATATGTAGAGTATATGAAATCACTAGATGGCCAAaTCATAAGACTAGAAAGGTTAATGTCCATGTTAGCCATgGCGTATCTTTTCAAGGTGCTGAACCATATGTGGGCGATCAACAATGTCCTGCTCTTTCCCAAGAAAAAGGCATCAAATATTTGGGTAACAAAAGATCTCCTGCAACAGGAGTATCTCGTGATGGTGTGATGACTTTAAAGGTTACATATAGAGCTGATATGATAAAATTTCAACTCTCCCTTTTATCAACGAGGGTAGAATTGGAGGGGGAAGTGGAAAAGAGGTTTAAGATATCAAGGTTTTCAATAAAGTATCAAGATGAAGATGACGATTGGATTTTGATAACTTCTGATTCAGATTTGAGGGACGGGATGAATTCACTTAGATTGTTGGGAAGGAATACAATGAGATTAGAGGTTAACCCAGAATCTGACACATGA
>PGSC0003DMC400044535 PGSC0003DMT400066070 CDS
ATGATAGGCAATAGATCTAAGCCGGTGATCGGAAAACTCACCGGTGCAGCTTTTTCCGGTAGCCGGACGATGGATGGTGCTACCAGCCCAAGAAGTCCACTTGATTTCAAGTTTCCATCACCAAGAGGCTTAAAAAGCTTTGATTTCGGTGGAGTTGGATTAGCTATAGTAGCTGCACTAGAAAAGTCCGGTGGTAAAAACGGCGAAATTCCGGCGAACAAAGCCGTTTACAACCGGAATTCAAACAGATCCCTTCCAATTCCGGTGATTTCGCCGTCGAAAAATTCAGCTAGATTTAGACCAGAAATTGAGGAAACAGAGATGGATAGTTTTGAAGAATATACAATAGTTACTTGCCGTGCACCAGGTAATAAACCGTACACAAAAGTATACGGCGATAGAAGTAAACGGGAAAACAGAAAATGTAATCGTCCAAGCGTTTTTAACATATCTCCGGCGAAAATTGGAAGTTTTCCGGCCGAACAAGATTCTGATTTTCTCAGTTCATGTCACTTGTGTCAAAAAAAGTTGCATGGCAAAGACATATATATGTATAGGGGCGAGAAAGCATTTTGTAGCACAGAGTGTCGGTACAGGCAAATAGTGATGGATGATCAGAAAGAAAAGTGTAGTTCAAGATCTGTTGATGTTGCTACTTCACCTTATGGGAATGGACAAATCTTTTCCACTGGAATTCTCGCTGTTTAA
>PGSC0003DMC400064328 PGSC0003DMT400092653 CDS
ATGATGGAGACAAAAAGGGACCAAAAGGTCCAAGAAGTTCATAAGTGCCCCGATGCCTTCGAGTTGAGAGTTCTAGAGAGGCCAACTCCTACTACTGATATGTCCTCTTTTCGTACTGAGCTAGCTAGTCTCTGGGCTGATGTTGATGCCATCCTGGCCATACTAGCTGTCGAGCCACAAGGTGCACCCTCGGCATTAGGCGATGATACAATCCTGGGTGCACTATTCAATAGAGATGATGTGGAGGAGCAGCCCGAGCCTGCACGTGCCCGCGTTAGAGTGATAGATAGTACTACTGATGGTGCTGTACTTGTTGATGCGGGCACTACTGAGGGTGACCCGAGTGTTGATTTGGCGGGCTCCGGGAAACCAGACTCACCCGCTTGTTAA
>PGSC0003DMC400012497 PGSC0003DMT400018159 CDS
ATGACATCCCTTTTCTCTTGTTTATGTAGCGGAGGCTTCGAAAAGGATCGAAGTATAAGGCGCGATTGGAGCTTTCCTCATTCACCTCCGTTAGATCCTGATTTATCTGATGTTGAAGATGATGATAAATATTATACGTACACACAAAAAAGTGCAACACATACAATTGCTTTAGGAGAGTCCACCACTAAAGTCGTCTACACAAATGATGATGATGATGATGGTGATGGTGCTGATAGTGGATATATTAGTCATGATGAGGGTATTTATTATGGGAATGGTGAGAATAACTCCGTTAATGATAGTGTTAACGGGGTTGATAGTACACCAACGATTGATGGTGGCTATGAATATGACGATGGTGGTGGTGATGATGGATATGCTAGTGCTGATGGAGGAGAGGAAGATGGTGGAGACAATAACTATAGTAGAGATGGTGGGAGTAGTTTCCGCGGTGGTGACTATGAGAGTGCATGA
srvanwin@LAPTOP-98J85QIK:~/unix_course_data/unix_course_chapter3$
